--------------------------------------------------------------------------------
Release 13.4 Trace  (lin64)
Copyright (c) 1995-2011 Xilinx, Inc.  All rights reserved.

/usr/local/insa/Xilinx.ISE/13.4/ISE_DS/ISE/bin/lin64/unwrapped/trce -intstyle
ise -v 3 -s 3 -n 3 -fastpaths -xml ALU.twx ALU.ncd -o ALU.twr ALU.pcf

Design file:              ALU.ncd
Physical constraint file: ALU.pcf
Device,package,speed:     xc6slx16,csg324,C,-3 (PRODUCTION 1.21 2012-01-07)
Report level:             verbose report

Environment Variable      Effect 
--------------------      ------ 
NONE                      No environment variables were set
--------------------------------------------------------------------------------

INFO:Timing:2698 - No timing constraints found, doing default enumeration.
INFO:Timing:3412 - To improve timing, see the Timing Closure User Guide (UG612).
INFO:Timing:2752 - To get complete path coverage, use the unconstrained paths 
   option. All paths that are not constrained will be reported in the 
   unconstrained paths section(s) of the report.
INFO:Timing:3339 - The clock-to-out numbers in this timing report are based on 
   a 50 Ohm transmission line loading model.  For the details of this model, 
   and for more information on accounting for different loading conditions, 
   please see the device datasheet.



Data Sheet report:
-----------------
All values displayed in nanoseconds (ns)

Pad to Pad
---------------+---------------+---------+
Source Pad     |Destination Pad|  Delay  |
---------------+---------------+---------+
A<0>           |Flag<0>        |   12.007|
A<0>           |Flag<1>        |   12.267|
A<0>           |Flag<2>        |   12.994|
A<0>           |Flag<3>        |   12.176|
A<0>           |S<0>           |   12.094|
A<0>           |S<1>           |   11.622|
A<0>           |S<2>           |   12.028|
A<0>           |S<3>           |   11.636|
A<0>           |S<4>           |   11.981|
A<0>           |S<5>           |   11.950|
A<0>           |S<6>           |   12.814|
A<0>           |S<7>           |   12.439|
A<1>           |Flag<0>        |   11.901|
A<1>           |Flag<1>        |   12.161|
A<1>           |Flag<2>        |   12.888|
A<1>           |Flag<3>        |   12.070|
A<1>           |S<0>           |   11.988|
A<1>           |S<1>           |   11.516|
A<1>           |S<2>           |   11.922|
A<1>           |S<3>           |   11.530|
A<1>           |S<4>           |   11.875|
A<1>           |S<5>           |   11.844|
A<1>           |S<6>           |   12.708|
A<1>           |S<7>           |   12.333|
A<2>           |Flag<0>        |   11.881|
A<2>           |Flag<1>        |   12.141|
A<2>           |Flag<2>        |   12.868|
A<2>           |Flag<3>        |   12.050|
A<2>           |S<0>           |   11.968|
A<2>           |S<1>           |   11.496|
A<2>           |S<2>           |   11.902|
A<2>           |S<3>           |   11.510|
A<2>           |S<4>           |   11.855|
A<2>           |S<5>           |   11.824|
A<2>           |S<6>           |   12.688|
A<2>           |S<7>           |   12.313|
A<3>           |Flag<0>        |   11.984|
A<3>           |Flag<1>        |   12.244|
A<3>           |Flag<2>        |   12.971|
A<3>           |Flag<3>        |   12.153|
A<3>           |S<0>           |   12.071|
A<3>           |S<1>           |   11.599|
A<3>           |S<2>           |   12.005|
A<3>           |S<3>           |   11.613|
A<3>           |S<4>           |   11.958|
A<3>           |S<5>           |   11.927|
A<3>           |S<6>           |   12.791|
A<3>           |S<7>           |   12.416|
A<4>           |Flag<0>        |   11.988|
A<4>           |Flag<1>        |   12.248|
A<4>           |Flag<2>        |   12.975|
A<4>           |Flag<3>        |   12.157|
A<4>           |S<0>           |   12.075|
A<4>           |S<1>           |   11.603|
A<4>           |S<2>           |   12.009|
A<4>           |S<3>           |   11.617|
A<4>           |S<4>           |   11.962|
A<4>           |S<5>           |   11.931|
A<4>           |S<6>           |   12.795|
A<4>           |S<7>           |   12.420|
A<5>           |Flag<0>        |   12.143|
A<5>           |Flag<1>        |   12.403|
A<5>           |Flag<2>        |   13.130|
A<5>           |Flag<3>        |   12.312|
A<5>           |S<0>           |   12.230|
A<5>           |S<1>           |   11.758|
A<5>           |S<2>           |   12.164|
A<5>           |S<3>           |   11.772|
A<5>           |S<4>           |   12.117|
A<5>           |S<5>           |   12.086|
A<5>           |S<6>           |   12.950|
A<5>           |S<7>           |   12.575|
A<6>           |Flag<0>        |   12.430|
A<6>           |Flag<1>        |   12.690|
A<6>           |Flag<2>        |   13.417|
A<6>           |Flag<3>        |   12.599|
A<6>           |S<0>           |   12.517|
A<6>           |S<1>           |   12.045|
A<6>           |S<2>           |   12.451|
A<6>           |S<3>           |   12.059|
A<6>           |S<4>           |   12.404|
A<6>           |S<5>           |   12.373|
A<6>           |S<6>           |   13.237|
A<6>           |S<7>           |   12.862|
A<7>           |Flag<0>        |   12.566|
A<7>           |Flag<1>        |   12.826|
A<7>           |Flag<2>        |   13.553|
A<7>           |Flag<3>        |   12.735|
A<7>           |S<0>           |   12.653|
A<7>           |S<1>           |   12.181|
A<7>           |S<2>           |   12.587|
A<7>           |S<3>           |   12.195|
A<7>           |S<4>           |   12.540|
A<7>           |S<5>           |   12.509|
A<7>           |S<6>           |   13.373|
A<7>           |S<7>           |   12.998|
B<0>           |Flag<0>        |   11.863|
B<0>           |Flag<1>        |   12.123|
B<0>           |Flag<2>        |   12.850|
B<0>           |Flag<3>        |   12.032|
B<0>           |S<0>           |   11.950|
B<0>           |S<1>           |   11.478|
B<0>           |S<2>           |   11.884|
B<0>           |S<3>           |   11.492|
B<0>           |S<4>           |   11.837|
B<0>           |S<5>           |   11.806|
B<0>           |S<6>           |   12.670|
B<0>           |S<7>           |   12.295|
B<1>           |Flag<0>        |   11.684|
B<1>           |Flag<1>        |   11.944|
B<1>           |Flag<2>        |   12.671|
B<1>           |Flag<3>        |   11.853|
B<1>           |S<0>           |   11.771|
B<1>           |S<1>           |   11.299|
B<1>           |S<2>           |   11.705|
B<1>           |S<3>           |   11.313|
B<1>           |S<4>           |   11.658|
B<1>           |S<5>           |   11.627|
B<1>           |S<6>           |   12.491|
B<1>           |S<7>           |   12.116|
B<2>           |Flag<0>        |   11.827|
B<2>           |Flag<1>        |   12.087|
B<2>           |Flag<2>        |   12.814|
B<2>           |Flag<3>        |   11.996|
B<2>           |S<0>           |   11.914|
B<2>           |S<1>           |   11.442|
B<2>           |S<2>           |   11.848|
B<2>           |S<3>           |   11.456|
B<2>           |S<4>           |   11.801|
B<2>           |S<5>           |   11.770|
B<2>           |S<6>           |   12.634|
B<2>           |S<7>           |   12.259|
B<3>           |Flag<0>        |   11.913|
B<3>           |Flag<1>        |   12.173|
B<3>           |Flag<2>        |   12.900|
B<3>           |Flag<3>        |   12.082|
B<3>           |S<0>           |   12.000|
B<3>           |S<1>           |   11.528|
B<3>           |S<2>           |   11.934|
B<3>           |S<3>           |   11.542|
B<3>           |S<4>           |   11.887|
B<3>           |S<5>           |   11.856|
B<3>           |S<6>           |   12.720|
B<3>           |S<7>           |   12.345|
B<4>           |Flag<0>        |   11.740|
B<4>           |Flag<1>        |   12.000|
B<4>           |Flag<2>        |   12.727|
B<4>           |Flag<3>        |   11.909|
B<4>           |S<0>           |   11.827|
B<4>           |S<1>           |   11.355|
B<4>           |S<2>           |   11.761|
B<4>           |S<3>           |   11.369|
B<4>           |S<4>           |   11.714|
B<4>           |S<5>           |   11.683|
B<4>           |S<6>           |   12.547|
B<4>           |S<7>           |   12.172|
B<5>           |Flag<0>        |   11.947|
B<5>           |Flag<1>        |   12.207|
B<5>           |Flag<2>        |   12.934|
B<5>           |Flag<3>        |   12.116|
B<5>           |S<0>           |   12.034|
B<5>           |S<1>           |   11.562|
B<5>           |S<2>           |   11.968|
B<5>           |S<3>           |   11.576|
B<5>           |S<4>           |   11.921|
B<5>           |S<5>           |   11.890|
B<5>           |S<6>           |   12.754|
B<5>           |S<7>           |   12.379|
B<6>           |Flag<0>        |   11.720|
B<6>           |Flag<1>        |   11.980|
B<6>           |Flag<2>        |   12.707|
B<6>           |Flag<3>        |   11.889|
B<6>           |S<0>           |   11.807|
B<6>           |S<1>           |   11.335|
B<6>           |S<2>           |   11.741|
B<6>           |S<3>           |   11.349|
B<6>           |S<4>           |   11.694|
B<6>           |S<5>           |   11.663|
B<6>           |S<6>           |   12.527|
B<6>           |S<7>           |   12.152|
B<7>           |Flag<0>        |   12.121|
B<7>           |Flag<1>        |   12.381|
B<7>           |Flag<2>        |   13.108|
B<7>           |Flag<3>        |   12.290|
B<7>           |S<0>           |   12.208|
B<7>           |S<1>           |   11.736|
B<7>           |S<2>           |   12.142|
B<7>           |S<3>           |   11.750|
B<7>           |S<4>           |   12.095|
B<7>           |S<5>           |   12.064|
B<7>           |S<6>           |   12.928|
B<7>           |S<7>           |   12.553|
Op<0>          |Flag<0>        |    7.998|
Op<0>          |Flag<1>        |    8.224|
Op<0>          |Flag<2>        |    8.922|
Op<0>          |Flag<3>        |    8.133|
Op<0>          |S<0>           |    7.704|
Op<0>          |S<1>           |    7.282|
Op<0>          |S<2>           |    7.735|
Op<0>          |S<3>           |    7.346|
Op<0>          |S<4>           |    7.737|
Op<0>          |S<5>           |    7.750|
Op<0>          |S<6>           |    8.748|
Op<0>          |S<7>           |    8.396|
Op<1>          |Flag<0>        |    7.712|
Op<1>          |Flag<1>        |    7.920|
Op<1>          |Flag<2>        |    8.621|
Op<1>          |Flag<3>        |    7.829|
Op<1>          |S<0>           |    7.624|
Op<1>          |S<1>           |    7.152|
Op<1>          |S<2>           |    7.558|
Op<1>          |S<3>           |    7.166|
Op<1>          |S<4>           |    7.553|
Op<1>          |S<5>           |    7.496|
Op<1>          |S<6>           |    8.447|
Op<1>          |S<7>           |    8.092|
Op<2>          |Flag<0>        |    6.616|
Op<2>          |Flag<1>        |    6.546|
Op<2>          |Flag<2>        |    7.189|
Op<2>          |Flag<3>        |    6.455|
Op<2>          |S<0>           |    6.475|
Op<2>          |S<1>           |    6.109|
Op<2>          |S<2>           |    6.403|
Op<2>          |S<3>           |    6.349|
Op<2>          |S<4>           |    6.176|
Op<2>          |S<5>           |    6.344|
Op<2>          |S<6>           |    6.849|
Op<2>          |S<7>           |    6.718|
Op<3>          |Flag<0>        |    6.630|
Op<3>          |Flag<1>        |    6.697|
Op<3>          |Flag<2>        |    7.284|
Op<3>          |Flag<3>        |    6.606|
Op<3>          |S<0>           |    6.529|
Op<3>          |S<1>           |    6.163|
Op<3>          |S<2>           |    6.811|
Op<3>          |S<3>           |    6.757|
Op<3>          |S<4>           |    6.262|
Op<3>          |S<5>           |    6.430|
Op<3>          |S<6>           |    6.863|
Op<3>          |S<7>           |    6.869|
---------------+---------------+---------+


Analysis completed Fri May 10 14:17:24 2019 
--------------------------------------------------------------------------------

Trace Settings:
-------------------------
Trace Settings 

Peak Memory Usage: 387 MB



